../Core/Src/main.c:83:5:main	8	static
../Core/Src/main.c:172:6:SystemClock_Config	72	static
../Core/Src/main.c:211:13:MX_TIM2_Init	32	static
../Core/Src/main.c:256:13:MX_USART2_UART_Init	8	static
../Core/Src/main.c:289:13:MX_GPIO_Init	40	static
../Core/Src/main.c:329:6:configureTimerForRunTimeStats	4	static
../Core/Src/main.c:334:15:getRunTimeCounterValue	4	static
../Core/Src/main.c:348:6:StartDefaultTask	16	static
../Core/Src/main.c:367:6:HAL_TIM_PeriodElapsedCallback	16	static
../Core/Src/main.c:389:6:Error_Handler	4	static,ignoring_inline_asm
